// Jest Snapshot v1, https://goo.gl/fbAQLP

exports[`test components GlobalHeader Snapshot 1`] = `
<div>
  <span
    class="test"
  >
    <span
      aria-label="menu-fold"
      class="anticon anticon-menu-fold"
      role="img"
    >
      <svg
        aria-hidden="true"
        class=""
        data-icon="menu-fold"
        fill="currentColor"
        focusable="false"
        height="1em"
        viewBox="64 64 896 896"
        width="1em"
      >
        <path
          d="M408 442h480c4.4 0 8-3.6 8-8v-56c0-4.4-3.6-8-8-8H408c-4.4 0-8 3.6-8 8v56c0 4.4 3.6 8 8 8zm-8 204c0 4.4 3.6 8 8 8h480c4.4 0 8-3.6 8-8v-56c0-4.4-3.6-8-8-8H408c-4.4 0-8 3.6-8 8v56zm504-486H120c-4.4 0-8 3.6-8 8v56c0 4.4 3.6 8 8 8h784c4.4 0 8-3.6 8-8v-56c0-4.4-3.6-8-8-8zm0 632H120c-4.4 0-8 3.6-8 8v56c0 4.4 3.6 8 8 8h784c4.4 0 8-3.6 8-8v-56c0-4.4-3.6-8-8-8zM115.4 518.9L271.7 642c5.8 4.6 14.4.5 14.4-6.9V388.9c0-7.4-8.5-11.5-14.4-6.9L115.4 505.1a8.74 8.74 0 000 13.8z"
        />
      </svg>
    </span>
  </span>
  <div>
    <a
      target="_blank"
    >
      <span
        aria-label="question-circle"
        class="anticon anticon-question-circle"
        role="img"
      >
        <svg
          aria-hidden="true"
          class=""
          data-icon="question-circle"
          fill="currentColor"
          focusable="false"
          height="1em"
          viewBox="64 64 896 896"
          width="1em"
        >
          <path
            d="M512 64C264.6 64 64 264.6 64 512s200.6 448 448 448 448-200.6 448-448S759.4 64 512 64zm0 820c-205.4 0-372-166.6-372-372s166.6-372 372-372 372 166.6 372 372-166.6 372-372 372z"
          />
          <path
            d="M623.6 316.7C593.6 290.4 554 276 512 276s-81.6 14.5-111.6 40.7C369.2 344 352 380.7 352 420v7.6c0 4.4 3.6 8 8 8h48c4.4 0 8-3.6 8-8V420c0-44.1 43.1-80 96-80s96 35.9 96 80c0 31.1-22 59.6-56.1 72.7-21.2 8.1-39.2 22.3-52.1 40.9-13.1 19-19.9 41.8-19.9 64.9V620c0 4.4 3.6 8 8 8h48c4.4 0 8-3.6 8-8v-22.7a48.3 48.3 0 0130.9-44.8c59-22.7 97.1-74.7 97.1-132.5.1-39.3-17.1-76-48.3-103.3zM472 732a40 40 0 1080 0 40 40 0 10-80 0z"
          />
        </svg>
      </span>
    </a>
    <span
      class=""
    >
      <span
        class="ant-badge"
      >
        <span
          aria-label="bell"
          class="anticon anticon-bell"
          role="img"
        >
          <svg
            aria-hidden="true"
            class=""
            data-icon="bell"
            fill="currentColor"
            focusable="false"
            height="1em"
            viewBox="64 64 896 896"
            width="1em"
          >
            <path
              d="M816 768h-24V428c0-141.1-104.3-257.7-240-277.1V112c0-22.1-17.9-40-40-40s-40 17.9-40 40v38.9c-135.7 19.4-240 136-240 277.1v340h-24c-17.7 0-32 14.3-32 32v32c0 4.4 3.6 8 8 8h216c0 61.8 50.2 112 112 112s112-50.2 112-112h216c4.4 0 8-3.6 8-8v-32c0-17.7-14.3-32-32-32zM512 888c-26.5 0-48-21.5-48-48h96c0 26.5-21.5 48-48 48zM304 768V428c0-55.6 21.6-107.8 60.9-147.1S456.4 220 512 220c55.6 0 107.8 21.6 147.1 60.9S720 372.4 720 428v340H304z"
            />
          </svg>
        </span>
        <sup
          class="ant-scroll-number ant-badge-count ant-badge-multiple-words"
          data-show="true"
          title="10"
        >
          <span
            class="ant-scroll-number-only"
            style="transition:none;-ms-transform:translateY(-1100%);-webkit-transform:translateY(-1100%);transform:translateY(-1100%)"
          >
            <p
              class="ant-scroll-number-only-unit"
            >
              0
            </p>
            <p
              class="ant-scroll-number-only-unit"
            >
              1
            </p>
            <p
              class="ant-scroll-number-only-unit"
            >
              2
            </p>
            <p
              class="ant-scroll-number-only-unit"
            >
              3
            </p>
            <p
              class="ant-scroll-number-only-unit"
            >
              4
            </p>
            <p
              class="ant-scroll-number-only-unit"
            >
              5
            </p>
            <p
              class="ant-scroll-number-only-unit"
            >
              6
            </p>
            <p
              class="ant-scroll-number-only-unit"
            >
              7
            </p>
            <p
              class="ant-scroll-number-only-unit"
            >
              8
            </p>
            <p
              class="ant-scroll-number-only-unit"
            >
              9
            </p>
            <p
              class="ant-scroll-number-only-unit"
            >
              0
            </p>
            <p
              class="ant-scroll-number-only-unit current"
            >
              1
            </p>
            <p
              class="ant-scroll-number-only-unit"
            >
              2
            </p>
            <p
              class="ant-scroll-number-only-unit"
            >
              3
            </p>
            <p
              class="ant-scroll-number-only-unit"
            >
              4
            </p>
            <p
              class="ant-scroll-number-only-unit"
            >
              5
            </p>
            <p
              class="ant-scroll-number-only-unit"
            >
              6
            </p>
            <p
              class="ant-scroll-number-only-unit"
            >
              7
            </p>
            <p
              class="ant-scroll-number-only-unit"
            >
              8
            </p>
            <p
              class="ant-scroll-number-only-unit"
            >
              9
            </p>
            <p
              class="ant-scroll-number-only-unit"
            >
              0
            </p>
            <p
              class="ant-scroll-number-only-unit"
            >
              1
            </p>
            <p
              class="ant-scroll-number-only-unit"
            >
              2
            </p>
            <p
              class="ant-scroll-number-only-unit"
            >
              3
            </p>
            <p
              class="ant-scroll-number-only-unit"
            >
              4
            </p>
            <p
              class="ant-scroll-number-only-unit"
            >
              5
            </p>
            <p
              class="ant-scroll-number-only-unit"
            >
              6
            </p>
            <p
              class="ant-scroll-number-only-unit"
            >
              7
            </p>
            <p
              class="ant-scroll-number-only-unit"
            >
              8
            </p>
            <p
              class="ant-scroll-number-only-unit"
            >
              9
            </p>
          </span>
          <span
            class="ant-scroll-number-only"
            style="transition:none;-ms-transform:translateY(-1000%);-webkit-transform:translateY(-1000%);transform:translateY(-1000%)"
          >
            <p
              class="ant-scroll-number-only-unit"
            >
              0
            </p>
            <p
              class="ant-scroll-number-only-unit"
            >
              1
            </p>
            <p
              class="ant-scroll-number-only-unit"
            >
              2
            </p>
            <p
              class="ant-scroll-number-only-unit"
            >
              3
            </p>
            <p
              class="ant-scroll-number-only-unit"
            >
              4
            </p>
            <p
              class="ant-scroll-number-only-unit"
            >
              5
            </p>
            <p
              class="ant-scroll-number-only-unit"
            >
              6
            </p>
            <p
              class="ant-scroll-number-only-unit"
            >
              7
            </p>
            <p
              class="ant-scroll-number-only-unit"
            >
              8
            </p>
            <p
              class="ant-scroll-number-only-unit"
            >
              9
            </p>
            <p
              class="ant-scroll-number-only-unit current"
            >
              0
            </p>
            <p
              class="ant-scroll-number-only-unit"
            >
              1
            </p>
            <p
              class="ant-scroll-number-only-unit"
            >
              2
            </p>
            <p
              class="ant-scroll-number-only-unit"
            >
              3
            </p>
            <p
              class="ant-scroll-number-only-unit"
            >
              4
            </p>
            <p
              class="ant-scroll-number-only-unit"
            >
              5
            </p>
            <p
              class="ant-scroll-number-only-unit"
            >
              6
            </p>
            <p
              class="ant-scroll-number-only-unit"
            >
              7
            </p>
            <p
              class="ant-scroll-number-only-unit"
            >
              8
            </p>
            <p
              class="ant-scroll-number-only-unit"
            >
              9
            </p>
            <p
              class="ant-scroll-number-only-unit"
            >
              0
            </p>
            <p
              class="ant-scroll-number-only-unit"
            >
              1
            </p>
            <p
              class="ant-scroll-number-only-unit"
            >
              2
            </p>
            <p
              class="ant-scroll-number-only-unit"
            >
              3
            </p>
            <p
              class="ant-scroll-number-only-unit"
            >
              4
            </p>
            <p
              class="ant-scroll-number-only-unit"
            >
              5
            </p>
            <p
              class="ant-scroll-number-only-unit"
            >
              6
            </p>
            <p
              class="ant-scroll-number-only-unit"
            >
              7
            </p>
            <p
              class="ant-scroll-number-only-unit"
            >
              8
            </p>
            <p
              class="ant-scroll-number-only-unit"
            >
              9
            </p>
          </span>
        </sup>
      </span>
    </span>
    <span
      class="undefined undefined ant-dropdown-trigger"
    >
      <span
        class="ant-avatar ant-avatar-sm ant-avatar-circle ant-avatar-image"
      >
        <img
          src="http://www.baidu.com"
        />
      </span>
      <span>
        zlx
      </span>
    </span>
  </div>
</div>
`;
